{
    "fastq.gz": {
        "content": [
            [
                [
                    {
                        "id": "test"
                    },
                    [
                        "test_kneaddata_paired_1.fastq.gz:md5,acba94fdc94d1e4229beec12086a93af",
                        "test_kneaddata_paired_2.fastq.gz:md5,7c8a08782ad6705eced33d11d5032859"
                    ]
                ]
            ],
            [
                "versions.yml:md5,0dfc969a58fd168cbcd4a9ee87f0c28d"
            ]
        ],
        "meta": {
            "nf-test": "0.8.4",
            "nextflow": "23.10.1"
        },
        "timestamp": "2024-04-24T11:11:09.743832394"
    },
    "fastq.gz - stub": {
        "content": [
            {
                "0": [
                    [
                        {
                            "id": "test"
                        },
                        [
                            "test_kneaddata_paired_1.fastq.gz:md5,d41d8cd98f00b204e9800998ecf8427e",
                            "test_kneaddata_paired_2.fastq.gz:md5,d41d8cd98f00b204e9800998ecf8427e"
                        ]
                    ]
                ],
                "1": [
                    [
                        {
                            "id": "test"
                        },
                        "test_kneaddata.log:md5,d41d8cd98f00b204e9800998ecf8427e"
                    ]
                ],
                "2": [
                    "versions.yml:md5,0dfc969a58fd168cbcd4a9ee87f0c28d"
                ],
                "kneaddata_log": [
                    [
                        {
                            "id": "test"
                        },
                        "test_kneaddata.log:md5,d41d8cd98f00b204e9800998ecf8427e"
                    ]
                ],
                "preprocessed_reads": [
                    [
                        {
                            "id": "test"
                        },
                        [
                            "test_kneaddata_paired_1.fastq.gz:md5,d41d8cd98f00b204e9800998ecf8427e",
                            "test_kneaddata_paired_2.fastq.gz:md5,d41d8cd98f00b204e9800998ecf8427e"
                        ]
                    ]
                ],
                "versions": [
                    "versions.yml:md5,0dfc969a58fd168cbcd4a9ee87f0c28d"
                ]
            }
        ],
        "meta": {
            "nf-test": "0.8.4",
            "nextflow": "23.10.1"
        },
        "timestamp": "2024-04-24T11:11:19.559542979"
    }
}