{
    " kneaddata_db = !null & ['sarscov2']['illumina']['test_fastq_gz'] - stub ": {
        "content": [
            {
                "0": [
                    [
                        {
                            "id": "test"
                        },
                        [
                            "test_kneaddata_paired_1.fastq.gz:md5,d41d8cd98f00b204e9800998ecf8427e",
                            "test_kneaddata_paired_2.fastq.gz:md5,d41d8cd98f00b204e9800998ecf8427e"
                        ]
                    ]
                ],
                "1": [
                    "all_samples_kneaddata_read_counts.tsv:md5,d41d8cd98f00b204e9800998ecf8427e"
                ],
                "2": [
                    "versions.yml:md5,78fbce8ab53a0d6fb8dbf43cd7624846",
                    "versions.yml:md5,bb0ae5552fe7c380606c211bcf91f2c8"
                ],
                "preprocessed_fastq_gz": [
                    [
                        {
                            "id": "test"
                        },
                        [
                            "test_kneaddata_paired_1.fastq.gz:md5,d41d8cd98f00b204e9800998ecf8427e",
                            "test_kneaddata_paired_2.fastq.gz:md5,d41d8cd98f00b204e9800998ecf8427e"
                        ]
                    ]
                ],
                "read_counts_tsv": [
                    "all_samples_kneaddata_read_counts.tsv:md5,d41d8cd98f00b204e9800998ecf8427e"
                ],
                "versions": [
                    "versions.yml:md5,78fbce8ab53a0d6fb8dbf43cd7624846",
                    "versions.yml:md5,bb0ae5552fe7c380606c211bcf91f2c8"
                ]
            }
        ],
        "meta": {
            "nf-test": "0.8.4",
            "nextflow": "23.10.1"
        },
        "timestamp": "2024-02-15T11:30:35.029799432"
    },
    " kneaddata_db = !null & ['sarscov2']['illumina']['test_fastq_gz'] ": {
        "content": [
            {
                "0": [
                    [
                        {
                            "id": "test"
                        },
                        [
                            "test_kneaddata_paired_1.fastq.gz:md5,acba94fdc94d1e4229beec12086a93af",
                            "test_kneaddata_paired_2.fastq.gz:md5,7c8a08782ad6705eced33d11d5032859"
                        ]
                    ]
                ],
                "1": [
                    "all_samples_kneaddata_read_counts.tsv:md5,542631f8eaae27f58bf2c7537d9325c8"
                ],
                "2": [
                    "versions.yml:md5,78fbce8ab53a0d6fb8dbf43cd7624846",
                    "versions.yml:md5,bb0ae5552fe7c380606c211bcf91f2c8"
                ],
                "preprocessed_fastq_gz": [
                    [
                        {
                            "id": "test"
                        },
                        [
                            "test_kneaddata_paired_1.fastq.gz:md5,acba94fdc94d1e4229beec12086a93af",
                            "test_kneaddata_paired_2.fastq.gz:md5,7c8a08782ad6705eced33d11d5032859"
                        ]
                    ]
                ],
                "read_counts_tsv": [
                    "all_samples_kneaddata_read_counts.tsv:md5,542631f8eaae27f58bf2c7537d9325c8"
                ],
                "versions": [
                    "versions.yml:md5,78fbce8ab53a0d6fb8dbf43cd7624846",
                    "versions.yml:md5,bb0ae5552fe7c380606c211bcf91f2c8"
                ]
            }
        ],
        "meta": {
            "nf-test": "0.8.4",
            "nextflow": "23.10.1"
        },
        "timestamp": "2024-02-15T11:30:23.292738609"
    }
}